D:/Sourabh_Workspace/My_Personal_Project_Workspaces/Pomodoro-Timer/firmware/Core/Common/StdUtil.h:112:28:stdutil_putchar	16	static
D:/Sourabh_Workspace/My_Personal_Project_Workspaces/Pomodoro-Timer/firmware/Core/Common/StdUtil.h:122:6:debugprintf	144	static
../Core/Src/main.c:74:5:main	16	static
../Core/Src/main.c:149:6:SystemClock_Config	88	static
../Core/Src/main.c:196:13:MX_TIM3_Init	32	static
../Core/Src/main.c:241:13:MX_USART2_UART_Init	8	static
../Core/Src/main.c:274:13:MX_GPIO_Init	48	static
../Core/Src/main.c:342:6:Error_Handler	4	static,ignoring_inline_asm
