D:/Sourabh_Workspace/My_Personal_Project_Workspaces/Pomodoro-Timer/firmware/Common/StdUtil.h:163:28:stdUtil_putChar	16	static
../Platform/TM1637.c:59:6:delay_Us	24	static,ignoring_inline_asm
../Platform/TM1637.c:67:6:TM1637_Start	8	static
../Platform/TM1637.c:76:6:TM1637_Stop	8	static
../Platform/TM1637.c:87:6:TM1637_WaitForAck	8	static
../Platform/TM1637.c:97:6:TM1637_WriteByte	24	static
../Platform/TM1637.c:118:6:TM1637_WriteDataCommand	16	static
../Platform/TM1637.c:126:6:TM1637_WriteData	24	static
../Platform/TM1637.c:139:6:TM1637_WriteDisplayCommand	16	static
../Platform/TM1637.c:147:6:TM1637_Write	24	static
../Platform/TM1637.c:171:6:TM1637_Convert_To_Digits	24	static
../Platform/TM1637.c:182:6:TM1637_Update_Data_Dots	24	static
